../Core/Src/main.c:98:6:HAL_UART_RxCpltCallback	16	static
../Core/Src/main.c:116:6:HAL_UART_TxCpltCallback	16	static
../Core/Src/main.c:126:5:main	8	static
../Core/Src/main.c:213:6:SystemClock_Config	72	static
../Core/Src/main.c:252:13:MX_USART2_UART_Init	8	static
../Core/Src/main.c:285:13:MX_GPIO_Init	40	static
../Core/Src/main.c:332:6:StartStateHandler	16	static
../Core/Src/main.c:350:6:StartUpdateCLI	16	static
../Core/Src/main.c:369:6:StartCLIInterrupt	16	static
../Core/Src/main.c:391:6:HAL_TIM_PeriodElapsedCallback	16	static
../Core/Src/main.c:408:6:Error_Handler	4	static,ignoring_inline_asm
