../Core/Src/main.c:122:5:main	8	static
../Core/Src/main.c:218:6:SystemClock_Config	72	static
../Core/Src/main.c:257:13:MX_USART2_UART_Init	8	static
../Core/Src/main.c:290:13:MX_GPIO_Init	40	static
../Core/Src/main.c:343:6:HAL_UART_RxCpltCallback	16	static
../Core/Src/main.c:361:6:HAL_UART_TxCpltCallback	16	static
../Core/Src/main.c:374:6:StartStateHandler	24	static
../Core/Src/main.c:398:6:StartUpdateCLI	16	static
../Core/Src/main.c:417:6:StartCLIInterrupt	16	static
../Core/Src/main.c:440:6:StartBlinkDirection	24	static
../Core/Src/main.c:463:6:HAL_TIM_PeriodElapsedCallback	16	static
../Core/Src/main.c:480:6:Error_Handler	4	static,ignoring_inline_asm
